WinMain         proc near

var_4           = word ptr -4
var_2           = word ptr -2

                push    bp
                mov     bp, sp
                push    ax
                push    ax
                xor     ax, ax
                call    time_
                mov     [bp+var_4], ax   ; low part of UNIX time
                mov     [bp+var_2], dx   ; high part of UNIX time
                lea     ax, [bp+var_4]   ; take a pointer of high part
                call    localtime_
                mov     bx, ax           ; t
                push    word ptr [bx]    ; second
                push    word ptr [bx+2]  ; minute
                push    word ptr [bx+4]  ; hour
                push    word ptr [bx+6]  ; day
                push    word ptr [bx+8]  ; month
                mov     ax, [bx+0Ah]     ; year
                add     ax, 1900
                push    ax
                mov     ax, offset a04d02d02d02d02 ; "%04d-%02d-%02d %02d:%02d:%02d"
                push    ax
                mov     ax, offset strbuf
                push    ax
                call    sprintf_
                add     sp, 10h
                xor     ax, ax            ; NULL
                push    ax
                push    ds
                mov     ax, offset strbuf
                push    ax
                push    ds
                mov     ax, offset aCaption ; "caption"
                push    ax
                xor     ax, ax          ; MB_OK
                push    ax
                call    MESSAGEBOX
                xor     ax, ax
                mov     sp, bp
                pop     bp
                retn    0Ah
WinMain         endp
