unix_time_low   dw 0
unix_time_high  dw 0
t               dw 0

WinMain         proc near
                push    bp
                mov     bp, sp
                xor     ax, ax
                call    time_
                mov     unix_time_low, ax
                mov     unix_time_high, dx
                mov     ax, offset unix_time_low
                call    localtime_
                mov     bx, ax
                mov     t, ax               ; will not be used in future...
                push    word ptr [bx]       ; seconds
                push    word ptr [bx+2]     ; minutes
                push    word ptr [bx+4]     ; hour
                push    word ptr [bx+6]     ; day
                push    word ptr [bx+8]     ; month
                mov     ax, [bx+0Ah]        ; year
                add     ax, 1900
                push    ax
                mov     ax, offset a04d02d02d02d02 ; "%04d-%02d-%02d %02d:%02d:%02d"
                push    ax
                mov     ax, offset strbuf
                push    ax
                call    sprintf_
                add     sp, 10h
                xor     ax, ax          ; NULL
                push    ax
                push    ds
                mov     ax, offset strbuf
                push    ax
                push    ds
                mov     ax, offset aCaption ; "caption"
                push    ax
                xor     ax, ax          ; MB_OK
                push    ax
                call    MESSAGEBOX
                xor     ax, ax          ; return 0
                pop     bp
                retn    0Ah
WinMain         endp
