f:
                lui     $gp, (__gnu_local_gp >> 16)
; springe zu loc_24 , falls der Eingabewert kleiner als 5 ist:
                sltiu   $v0, $a0, 5
                bnez    $v0, loc_24
                la      $gp, (__gnu_local_gp & 0xFFFF) ; branch delay slot
; §Eingabewert ist größer gleich 5.§
; "something unknown" ausgeben und beenden:
                lui     $a0, ($LC5 >> 16)  # "something unknown"
                lw      $t9, (puts & 0xFFFF)($gp)
                or      $at, $zero ; NOP
                jr      $t9
                la      $a0, ($LC5 & 0xFFFF)  # "something unknown" ; branch delay slot

loc_24:                                  # CODE XREF: f+8
; lade Adresse der Jumptable
; §LA ist ein Pseudo-Befehl, der für ein LUI und ADDIU Paar steht:§
                la      $v0, off_120
; multipliere Eingabewert mit 4:
                sll     $a0, 2
; multiplizierten Wert und Adresse der Jumptable addieren:
                addu    $a0, $v0, $a0
; lade Element aus Jumptable:
                lw      $v0, 0($a0)
                or      $at, $zero ; NOP
; Sprung zur Adresse in der Jumptable:
                jr      $v0
                or      $at, $zero ; branch delay slot, NOP

sub_44:                                  # DATA XREF: .rodata:0000012C
; "three" ausgeben und beenden
                lui     $a0, ($LC3 >> 16)  # "three"
                lw      $t9, (puts & 0xFFFF)($gp)
                or      $at, $zero ; NOP
                jr      $t9
                la      $a0, ($LC3 & 0xFFFF)  # "three" ; branch delay slot

sub_58:                                  # DATA XREF: .rodata:00000130
; "four" ausgeben und beenden
                lui     $a0, ($LC4 >> 16)  # "four"
                lw      $t9, (puts & 0xFFFF)($gp)
                or      $at, $zero ; NOP
                jr      $t9
                la      $a0, ($LC4 & 0xFFFF)  # "four" ; branch delay slot

sub_6C:                                  # DATA XREF: .rodata:off_120
; "zero" ausgeben und beenden
                lui     $a0, ($LC0 >> 16)  # "zero"
                lw      $t9, (puts & 0xFFFF)($gp)
                or      $at, $zero ; NOP
                jr      $t9
                la      $a0, ($LC0 & 0xFFFF)  # "zero" ; branch delay slot

sub_80:                                  # DATA XREF: .rodata:00000124
; "one" ausgeben und beenden
                lui     $a0, ($LC1 >> 16)  # "one"
                lw      $t9, (puts & 0xFFFF)($gp)
                or      $at, $zero ; NOP
                jr      $t9
                la      $a0, ($LC1 & 0xFFFF)  # "one" ; branch delay slot

sub_94:                                  # DATA XREF: .rodata:00000128
; "two" ausgeben und beenden
                lui     $a0, ($LC2 >> 16)  # "two"
                lw      $t9, (puts & 0xFFFF)($gp)
                or      $at, $zero ; NOP
                jr      $t9
                la      $a0, ($LC2 & 0xFFFF)  # "two" ; branch delay slot

; kann im .rodata Segment abgelegt werden:
off_120:        .word sub_6C
                .word sub_80
                .word sub_94
                .word sub_44
                .word sub_58
