f:
                srl     $v0, $a0, 8
                srl     $a3, $a0, 20
                andi    $a3, 0xF
                andi    $v0, 0xF
                srl     $a1, $a0, 12
                srl     $a2, $a0, 16
                andi    $a1, 0xF
                andi    $a2, 0xF
                sll     $t2, $v0, 4
                sll     $v1, $a3, 2
                sll     $t0, $v0, 2
                srl     $t1, $a0, 4
                sll     $t5, $a3, 7
                addu    $t0, $t2
                subu    $t5, $v1
                andi    $t1, 0xF
                srl     $v1, $a0, 28
                sll     $t4, $a1, 7
                sll     $t2, $a2, 2
                sll     $t3, $a1, 2
                sll     $t7, $a2, 7
                srl     $v0, $a0, 24
                addu    $a3, $t5, $a3
                subu    $t3, $t4, $t3
                subu    $t7, $t2
                andi    $v0, 0xF
                sll     $t5, $t1, 3
                sll     $t6, $v1, 8
                sll     $t2, $t0, 2
                sll     $t4, $t1, 1
                sll     $t1, $v1, 3
                addu    $a2, $t7, $a2
                subu    $t1, $t6, $t1
                addu    $t2, $t0, $t2
                addu    $t4, $t5
                addu    $a1, $t3, $a1
                sll     $t5, $a3, 2
                sll     $t3, $v0, 8
                sll     $t0, $v0, 3
                addu    $a3, $t5
                subu    $t0, $t3, $t0
                addu    $t4, $t2, $t4
                sll     $t3, $a2, 2
                sll     $t2, $t1, 6
                sll     $a1, 3
                addu    $a1, $t4, $a1
                subu    $t1, $t2, $t1
                addu    $a2, $t3
                sll     $t2, $t0, 6
                sll     $t3, $a3, 2
                andi    $a0, 0xF
                addu    $v1, $t1, $v1
                addu    $a0, $a1
                addu    $a3, $t3
                subu    $t0, $t2, $t0
                sll     $a2, 4
                addu    $a2, $a0, $a2
                addu    $v0, $t0, $v0
                sll     $a1, $v1, 2
                sll     $a3, 5
                addu    $a3, $a2, $a3
                addu    $v1, $a1
                sll     $v0, 6
                addu    $v0, $a3, $v0
                sll     $v1, 7
                jr      $ra
                addu    $v0, $v1, $v0
