00000000: B001         mov         al,1        ; установить видеорежим 40x25
00000002: CD10         int         010
00000004: 30FF         xor         bh,bh       ; установить видеостраницу для вызова int 10h
00000006: B9D007       mov         cx,007D0    ; вывод 2000 символов
00000009: 31C0         xor         ax,ax
0000000B: 9C           pushf                   ; сохранить флаги
; узнать случайное число из чипа таймера
0000000C: FA           cli                     ; запретить прерывания
0000000D: E643         out         043,al      ; записать 0 в порт 43h
; прочитать 16-битное значение из порта 40h
0000000F: E440         in          al,040
00000011: 88C4         mov         ah,al
00000013: E440         in          al,040
00000015: 9D           popf                    ; разрешить прерывания возвращая значение флага IF
00000016: 86C4         xchg        ah,al
; здесь мы имеем псевдослучайное 16-битное значение
00000018: D1E8         shr         ax,1
0000001A: D1E8         shr         ax,1
; в CF сейчас находится второй бит из значения
0000001C: B05C         mov         al,05C ;'\'
; если CF=1, пропускаем следующую инструкцию
0000001E: 7202         jc          000000022
; если CF=0, загружаем в регистр AL другой символ
00000020: B02F         mov         al,02F ;'/'
; вывод символа
00000022: B40E         mov         ah,00E
00000024: CD10         int         010
00000026: E2E1         loop        000000009 ; цикл в 2000 раз
00000028: CD20         int         020       ; возврат в DOS
