get_month1:
; lade Adresse der Tabelle nach $v0:
                la      $v0, month1
; nimm den Eingabewert und multipliziere mit 4:
                sll     $a0, 2
; addiere Adresse der Tabelle und berechneten Wert:
                addu    $a0, $v0
; lade Tabellenelement an dieser Adresse nach $v0:
                lw      $v0, 0($a0)
; Rückgabe
                jr      $ra
                or      $at, $zero ; branch delay slot, NOP

                .data # .data.rel.local
                .globl month1
month1:         .word aJanuary           # "January"
                .word aFebruary          # "February"
                .word aMarch             # "March"
                .word aApril             # "April"
                .word aMay               # "May"
                .word aJune              # "June"
                .word aJuly              # "July"
                .word aAugust            # "August"
                .word aSeptember         # "September"
                .word aOctober           # "October"
                .word aNovember          # "November"
                .word aDecember          # "December"

                .data # .rodata.str1.4
aJanuary:       .ascii "January"<0>      
aFebruary:      .ascii "February"<0>     
aMarch:         .ascii "March"<0>        
aApril:         .ascii "April"<0>        
aMay:           .ascii "May"<0>          
aJune:          .ascii "June"<0>         
aJuly:          .ascii "July"<0>         
aAugust:        .ascii "August"<0>       
aSeptember:     .ascii "September"<0>    
aOctober:       .ascii "October"<0>      
aNovember:      .ascii "November"<0>     
aDecember:      .ascii "December"<0>     
