off_140011000   dq offset aJanuary_1    ; DATA XREF: .text:0000000140001003
                                        ; "January"
                dq offset aFebruary_1   ; "February"
                dq offset aMarch_1      ; "March"
                dq offset aApril_1      ; "April"
                dq offset aMay_1        ; "May"
                dq offset aJune_1       ; "June"
                dq offset aJuly_1       ; "July"
                dq offset aAugust_1     ; "August"
                dq offset aSeptember_1  ; "September"
                dq offset aOctober_1    ; "October"
                dq offset aNovember_1   ; "November"
                dq offset aDecember_1   ; "December"
aJanuary_1      db 'January',0          ; DATA XREF: sub_140001020+4
                                        ; .data:off_140011000
aFebruary_1     db 'February',0         ; DATA XREF: .data:0000000140011008
                align 4
aMarch_1        db 'March',0            ; DATA XREF: .data:0000000140011010
                align 4
aApril_1        db 'April',0            ; DATA XREF: .data:0000000140011018

