float_rand
                STMFD   SP!, {R3,LR}
                BL      my_rand
; R0=Pseudozufallswert
                FLDS    S0, =1.0
; S0=1.0
                BIC     R3, R0, #0xFF000000
                BIC     R3, R3, #0x800000
                ORR     R3, R3, #0x3F800000
; R3=Pseudorzufallswert & 0x007fffff | 0x3f800000
; kopiere aus R3 zur FPU (Register S15).
; entspricht bitweisem Kopieren, Umwandlung findet nicht statt:
                FMSR    S15, R3
; subtrahiere 1.0 und lasse Ergebnis in S0:
                FSUBS   S0, S15, S0
                LDMFD   SP!, {R3,PC}

flt_5C          DCFS 1.0

main
                STMFD   SP!, {R4,LR}
                MOV     R0, #0
                BL      time
                BL      my_srand
                MOV     R4, #0x64 ; 'd'

loc_78
                BL      float_rand
; S0=Pseudozufallswert
                LDR     R0, =aF         ; "%f"
; kovertiere float in double (printf() benötigt dieses Format):
                FCVTDS  D7, S0
; bitwises Kopieren von D7 nach R2/R3 (für printf()):
                FMRRD   R2, R3, D7
                BL      printf
                SUBS    R4, R4, #1
                BNE     loc_78
                MOV     R0, R4
                LDMFD   SP!, {R4,PC}

aF              DCB "%f",0xA,0
