00000038 <float_rand>:
  38:   e92d4008        push    {r3, lr}
  3c:   ebfffffe        bl      10 <my_rand>
  40:   ed9f0a05        vldr    s0, [pc, #20]   ; 5c <float_rand+0x24>
  44:   e3c034ff        bic     r3, r0, #-16777216      ; 0xff000000
  48:   e3c33502        bic     r3, r3, #8388608        ; 0x800000
  4c:   e38335fe        orr     r3, r3, #1065353216     ; 0x3f800000
  50:   ee073a90        vmov    s15, r3
  54:   ee370ac0        vsub.f32        s0, s15, s0
  58:   e8bd8008        pop     {r3, pc}
  5c:   3f800000        svccc   0x00800000

00000000 <main>:
   0:   e92d4010        push    {r4, lr}
   4:   e3a00000        mov     r0, #0
   8:   ebfffffe        bl      0 <time>
   c:   ebfffffe        bl      0 <main>
  10:   e3a04064        mov     r4, #100        ; 0x64
  14:   ebfffffe        bl      38 <main+0x38>
  18:   e59f0018        ldr     r0, [pc, #24]   ; 38 <main+0x38>
  1c:   eeb77ac0        vcvt.f64.f32    d7, s0
  20:   ec532b17        vmov    r2, r3, d7
  24:   ebfffffe        bl      0 <printf>
  28:   e2544001        subs    r4, r4, #1
  2c:   1afffff8        bne     14 <main+0x14>
  30:   e1a00004        mov     r0, r4
  34:   e8bd8010        pop     {r4, pc}
  38:   00000000        andeq   r0, r0, r0
