.text:0000D708 prep_sys proc near ; CODE XREF: init_sys+46Ap
.text:0000D708
.text:0000D708 var_14   = dword ptr -14h
.text:0000D708 var_10   = byte ptr -10h
.text:0000D708 var_8    = dword ptr -8
.text:0000D708 var_2    = word ptr -2
.text:0000D708
.text:0000D708          push    ebp
.text:0000D709          mov     eax, ds:net_env
.text:0000D70E          mov     ebp, esp
.text:0000D710          sub     esp, 1Ch
.text:0000D713          test    eax, eax
.text:0000D715          jnz     short loc_D734
.text:0000D717          mov     al, ds:ctl_model
.text:0000D71C          test    al, al
.text:0000D71E          jnz     short loc_D77E
.text:0000D720          mov     [ebp+var_8], offset aIeCvulnvvOkgT_ ; "Ie-cvulnvV\\\bOKG]T_"
.text:0000D727          mov     edx, 7
.text:0000D72C          jmp     loc_D7E7

...

.text:0000D7E7 loc_D7E7: ; CODE XREF: prep_sys+24j
.text:0000D7E7           ; prep_sys+33j
.text:0000D7E7          push    edx
.text:0000D7E8          mov     edx, [ebp+var_8]
.text:0000D7EB          push    20h
.text:0000D7ED          push    edx
.text:0000D7EE          push    16h
.text:0000D7F0          call    err_warn
.text:0000D7F5          push    offset station_sem
.text:0000D7FA          call    ClosSem
.text:0000D7FF          call    startup_err

