.text:00000000 main:
.text:00000000
.text:00000000 var_10          = -0x10
.text:00000000 var_4           = -4
.text:00000000
; пролог функции
; установить GP:
.text:00000000                 lui     $gp, (__gnu_local_gp >> 16)
.text:00000004                 addiu   $sp, -0x20
.text:00000008                 la      $gp, (__gnu_local_gp & 0xFFFF)
; сохранить RA в локальном стеке:
.text:0000000C                 sw      $ra, 0x20+var_4($sp)
; сохранить GP в локальном стеке:
; §по какой-то причине§, этой инструкции не было в ассемблерном выводе в GCC:
.text:00000010                 sw      $gp, 0x20+var_10($sp)
; загрузить адрес функции puts() из GP в $t9:
.text:00000014                 lw      $t9, (puts & 0xFFFF)($gp)
; сформировать адрес текстовой строки в $a0:
.text:00000018                 lui     $a0, ($LC0 >> 16)  # "Hello, world!"
; §перейти на puts(), сохранив адрес возврата в link-регистре:§
.text:0000001C                 jalr    $t9
.text:00000020                 la      $a0, ($LC0 & 0xFFFF)  # "Hello, world!"
; восстановить RA:
.text:00000024                 lw      $ra, 0x20+var_4($sp)
; скопировать 0 из $zero в $v0:
.text:00000028                 move    $v0, $zero
; вернуть управление сделав переход по адресу в RA:
.text:0000002C                 jr      $ra
; эпилог функции:
.text:00000030                 addiu   $sp, 0x20
