.text:00000000 main:
.text:00000000
.text:00000000 var_10          = -0x10
.text:00000000 var_4           = -4
.text:00000000
; function prologue:
.text:00000000                 lui     $gp, (__gnu_local_gp >> 16)
.text:00000004                 addiu   $sp, -0x20
.text:00000008                 la      $gp, (__gnu_local_gp & 0xFFFF)
.text:0000000C                 sw      $ra, 0x20+var_4($sp)
.text:00000010                 sw      $gp, 0x20+var_10($sp)
; load address of printf():
.text:00000014                 lw      $t9, (printf & 0xFFFF)($gp)
; load address of the text string and set 1st argument of printf():
.text:00000018                 la      $a0, $LC0        # "a=%d; b=%d; c=%d"
; set 2nd argument of printf():
.text:00000020                 li      $a1, 1
; set 3rd argument of printf():
.text:00000024                 li      $a2, 2
; call printf():
.text:00000028                 jalr    $t9
; set 4th argument of printf() (branch delay slot):
.text:0000002C                 li      $a3, 3
; function epilogue:
.text:00000030                 lw      $ra, 0x20+var_4($sp)
; set return value to 0:
.text:00000034                 move    $v0, $zero
; return
.text:00000038                 jr      $ra
.text:0000003C                 addiu   $sp, 0x20 ; branch delay slot
