.text:00000000 main:
.text:00000000
.text:00000000 var_10          = -0x10
.text:00000000 var_4           = -4
.text:00000000
; пролог функции:
.text:00000000                 lui     $gp, (__gnu_local_gp >> 16)
.text:00000004                 addiu   $sp, -0x20
.text:00000008                 la      $gp, (__gnu_local_gp & 0xFFFF)
.text:0000000C                 sw      $ra, 0x20+var_4($sp)
.text:00000010                 sw      $gp, 0x20+var_10($sp)
; загрузить адрес printf():
.text:00000014                 lw      $t9, (printf & 0xFFFF)($gp)
; загрузить адрес текстовой строки и установить первый аргумент printf():
.text:00000018                 la      $a0, $LC0        # "a=%d; b=%d; c=%d"
; установить второй аргумент printf():
.text:00000020                 li      $a1, 1
; установить третий аргумент printf():
.text:00000024                 li      $a2, 2
; вызов printf():
.text:00000028                 jalr    $t9
; установить четвертый аргумент printf() (branch delay slot):
.text:0000002C                 li      $a3, 3
; эпилог функции:
.text:00000030                 lw      $ra, 0x20+var_4($sp)
; установить возвращаемое значение в 0:
.text:00000034                 move    $v0, $zero
; возврат
.text:00000038                 jr      $ra
.text:0000003C                 addiu   $sp, 0x20 ; branch delay slot
